<ids-popup-menu id="popupmenu" role="none" hidden="">
      <ids-menu-group role="group" aria-label="Menu group containing 6 item(s)">
        <ids-menu-item>Item One</ids-menu-item>
        <ids-menu-item>Item Two</ids-menu-item>
        <ids-menu-item>Item Three</ids-menu-item>
        <ids-menu-item>Item Four</ids-menu-item>
        <ids-separator></ids-separator>
        <ids-menu-item id="item-five">
          More Actions
          <ids-popup-menu slot="submenu" aria-expanded="false" role="none" hidden="">
            <ids-menu-group role="group" aria-label="Menu group containing 3 item(s)">
              <ids-menu-item>Sub-item One</ids-menu-item>
              <ids-menu-item>Sub-item Two</ids-menu-item>
              <ids-menu-item>Sub-item Three</ids-menu-item>
            </ids-menu-group>
          </ids-popup-menu>
        </ids-menu-item>
        <ids-menu-item id="item-six">
          Even More Actions
          <ids-popup-menu slot="submenu" aria-expanded="false" role="none" hidden="">
            <ids-menu-group role="group" aria-label="Menu group containing 3 item(s)">
              <ids-menu-item icon="settings"><ids-icon slot="icon" icon="settings" size="small" part="icon" class="ids-icon ids-menu-item-display-icon" style="--ids-icon-height-default: 16px; --ids-icon-width-default: 16px;"></ids-icon>
                Change Settings
                <ids-popup-menu slot="submenu" aria-expanded="false" role="none" hidden="">
                  <ids-menu-group role="group" aria-label="Menu group containing 4 item(s)">
                    <ids-menu-item>Setting One</ids-menu-item>
                    <ids-menu-item>Setting Two</ids-menu-item>
                    <ids-menu-item>Setting Three</ids-menu-item>
                    <ids-menu-item>REAAAAALLLLY Long Setting Number Four</ids-menu-item>
                  </ids-menu-group>
                </ids-popup-menu>
              </ids-menu-item>
              <ids-menu-item icon="mail"><ids-icon slot="icon" icon="mail" size="small" part="icon" class="ids-icon ids-menu-item-display-icon" style="--ids-icon-height-default: 16px; --ids-icon-width-default: 16px;"></ids-icon>Send Mail</ids-menu-item>
              <ids-menu-item icon="filter"><ids-icon slot="icon" icon="filter" size="small" part="icon" class="ids-icon ids-menu-item-display-icon" style="--ids-icon-height-default: 16px; --ids-icon-width-default: 16px;"></ids-icon>Filter Content</ids-menu-item>
            </ids-menu-group>
          </ids-popup-menu>
        </ids-menu-item>
      </ids-menu-group>
    </ids-popup-menu>