<ids-theme-switcher mode="light" theme="default-light"></ids-theme-switcher>