<ids-error-page id="error-page-1" fullsize="" visible="" icon="empty-error-loading-new" label="Access Denied" description="Configuration Manager access has been denied." button-text="Return" aria-label=" Access Denied Configuration Manager access has been denied." role="dialog" style="z-index: 1021;"></ids-error-page>