<ids-image initials="mn" round="true" tabindex="0"></ids-image>