<div class="ids-module-nav responsive display-mode-collapsed">
      <slot></slot>
    </div>