<div class="ids-chart-container" part="container" style="width: 700px;">
      <svg class="ids-axis-chart" part="chart" width="700" height="500" xmlns="http://www.w3.org/2000/svg"><title>Bar Chart - Component Adoption</title>
      <defs>
        
      </defs>
      <g class="grid vertical-lines hidden">
        <line x1="35.5703125" x2="35.5703125" y1="16" y2="464"></line><line x1="144.30859375" x2="144.30859375" y1="16" y2="464"></line><line x1="253.046875" x2="253.046875" y1="16" y2="464"></line><line x1="361.78515625" x2="361.78515625" y1="16" y2="464"></line><line x1="470.5234375" x2="470.5234375" y1="16" y2="464"></line><line x1="579.26171875" x2="579.26171875" y1="16" y2="464"></line>
      <line x1="688" x2="688" y1="16" y2="464"></line></g>
      <g class="grid horizontal-lines">
        <line x1="27.5703125" x2="696" y1="16" y2="16"></line><line x1="27.5703125" x2="696" y1="80" y2="80"></line><line x1="27.5703125" x2="696" y1="144" y2="144"></line><line x1="27.5703125" x2="696" y1="208" y2="208"></line><line x1="27.5703125" x2="696" y1="272" y2="272"></line><line x1="27.5703125" x2="696" y1="336" y2="336"></line><line x1="27.5703125" x2="696" y1="400" y2="400"></line><line x1="27.5703125" x2="696" y1="464" y2="464"></line>
      </g>
      <g class="bars" role="list" aria-label="Component A">
      <g role="listitem">
          <text class="audible" x="65.47333984375" y="464">Jan 100</text>
          <rect class="bar color-1" aria-hidden="true" group-index="0" index="0" width="48.9322265625" height="6.399999999999977" x="65.47333984375" y="457.6">
            <animate attributeName="height" from="0" to="6.399999999999977" calcMode="spline" keyTimes="0; 1" keySplines="0.17, 0.04, 0.03, 0.94" begin="0s" dur="0.8s"></animate>
            <animate attributeName="y" from="464" to="457.6" calcMode="spline" keyTimes="0; 1" keySplines="0.17, 0.04, 0.03, 0.94" begin="0s" dur="0.8s"></animate>
          </rect></g><g role="listitem">
          <text class="audible" x="174.21162109374998" y="464">Feb 3111</text>
          <rect class="bar color-1" aria-hidden="true" group-index="0" index="1" width="48.9322265625" height="199.10400000000004" x="174.21162109374998" y="264.89599999999996">
            <animate attributeName="height" from="0" to="199.10400000000004" calcMode="spline" keyTimes="0; 1" keySplines="0.17, 0.04, 0.03, 0.94" begin="0s" dur="0.8s"></animate>
            <animate attributeName="y" from="464" to="264.89599999999996" calcMode="spline" keyTimes="0; 1" keySplines="0.17, 0.04, 0.03, 0.94" begin="0s" dur="0.8s"></animate>
          </rect></g><g role="listitem">
          <text class="audible" x="282.94990234375" y="464">Mar 3411</text>
          <rect class="bar color-1" aria-hidden="true" group-index="0" index="2" width="48.9322265625" height="218.304" x="282.94990234375" y="245.696">
            <animate attributeName="height" from="0" to="218.304" calcMode="spline" keyTimes="0; 1" keySplines="0.17, 0.04, 0.03, 0.94" begin="0s" dur="0.8s"></animate>
            <animate attributeName="y" from="464" to="245.696" calcMode="spline" keyTimes="0; 1" keySplines="0.17, 0.04, 0.03, 0.94" begin="0s" dur="0.8s"></animate>
          </rect></g><g role="listitem">
          <text class="audible" x="391.68818359375" y="464">Apr 500</text>
          <rect class="bar color-1" aria-hidden="true" group-index="0" index="3" width="48.9322265625" height="32" x="391.68818359375" y="432">
            <animate attributeName="height" from="0" to="32" calcMode="spline" keyTimes="0; 1" keySplines="0.17, 0.04, 0.03, 0.94" begin="0s" dur="0.8s"></animate>
            <animate attributeName="y" from="464" to="432" calcMode="spline" keyTimes="0; 1" keySplines="0.17, 0.04, 0.03, 0.94" begin="0s" dur="0.8s"></animate>
          </rect></g><g role="listitem">
          <text class="audible" x="500.42646484375" y="464">May 3411</text>
          <rect class="bar color-1" aria-hidden="true" group-index="0" index="4" width="48.9322265625" height="218.304" x="500.42646484375" y="245.696">
            <animate attributeName="height" from="0" to="218.304" calcMode="spline" keyTimes="0; 1" keySplines="0.17, 0.04, 0.03, 0.94" begin="0s" dur="0.8s"></animate>
            <animate attributeName="y" from="464" to="245.696" calcMode="spline" keyTimes="0; 1" keySplines="0.17, 0.04, 0.03, 0.94" begin="0s" dur="0.8s"></animate>
          </rect></g><g role="listitem">
          <text class="audible" x="609.1647460937501" y="464">Jun 6500</text>
          <rect class="bar color-1" aria-hidden="true" group-index="0" index="5" width="48.9322265625" height="416" x="609.1647460937501" y="48">
            <animate attributeName="height" from="0" to="416" calcMode="spline" keyTimes="0; 1" keySplines="0.17, 0.04, 0.03, 0.94" begin="0s" dur="0.8s"></animate>
            <animate attributeName="y" from="464" to="48" calcMode="spline" keyTimes="0; 1" keySplines="0.17, 0.04, 0.03, 0.94" begin="0s" dur="0.8s"></animate>
          </rect></g>
    </g>
      <g class="labels x-labels">
        <text x="89.939453125" y="484" alignment-baseline="middle" text-anchor="middle" aria-hidden="true">Jan</text><text x="198.677734375" y="484" alignment-baseline="middle" text-anchor="middle" aria-hidden="true">Feb</text><text x="307.416015625" y="484" alignment-baseline="middle" text-anchor="middle" aria-hidden="true">Mar</text><text x="416.154296875" y="484" alignment-baseline="middle" text-anchor="middle" aria-hidden="true">Apr</text><text x="524.892578125" y="484" alignment-baseline="middle" text-anchor="middle" aria-hidden="true">May</text><text x="633.630859375" y="484" alignment-baseline="middle" text-anchor="middle" aria-hidden="true">Jun</text>
      </g>
      <g class="labels y-labels">
        <text x="19.5703125" y="19" aria-hidden="true">7K</text><text x="19.5703125" y="83" aria-hidden="true">6K</text><text x="19.5703125" y="147" aria-hidden="true">5K</text><text x="19.5703125" y="211" aria-hidden="true">4K</text><text x="19.5703125" y="275" aria-hidden="true">3K</text><text x="19.5703125" y="339" aria-hidden="true">2K</text><text x="19.5703125" y="403" aria-hidden="true">1K</text><text x="19.5703125" y="467" aria-hidden="true">0</text>
      </g>
      <g class="labels axis-labels">
        
      </g></svg>
      <slot name="legend"><div class="chart-legend" style=""><a data-index="0" class="chart-legend-item" aria-hidden="true"><div class="swatch color-1"></div>Component A</a></div></slot>
      <slot name="empty-message">
        <ids-empty-message icon="empty-no-data" style="" hidden="">
          <ids-text type="h2" font-size="20" label="true" slot="label">No data available</ids-text>
        </ids-empty-message>
      </slot>
      <slot name="tooltip">
        <ids-tooltip id="tooltip"></ids-tooltip>
      </slot>
    </div>