// Jest Snapshot v1, https://goo.gl/fbAQLP

exports[`IdsWeekView Component (using properties) should render 1`] = `"<ids-week-view start-date="11/08/2021" end-date="11/14/2021" first-day-of-week="2" start-hour="6" end-hour="21" show-timeline="false" timeline-interval="10000"></ids-week-view>"`;
