// Jest Snapshot v1, https://goo.gl/fbAQLP

exports[`IdsLoadingIndicator Component renders correctly 1`] = `
"<style nonce=\\"0a59a005\\">.ids-loading-indicator { background-color: transparent; }</style><svg viewBox=\\"0 0 100 100\\" xmlns=\\"http://www.w3.org/2000/svg\\" class=\\"circular-indicator indeterminate\\">
        <circle cx=\\"50\\" cy=\\"50\\" r=\\"45\\" stroke-width=\\"3\\" class=\\"overall\\"></circle>
        <circle cx=\\"50\\" cy=\\"50\\" r=\\"45\\" stroke-width=\\"6\\" class=\\"progress\\"></circle>
      </svg>
      "
`;
