<ids-data-grid id="data-grid-1" row-selection="multiple" label="Books"></ids-data-grid>