<ids-box>
            Bordered
          </ids-box>