
      
    
      
    
      
    
      
    
      <div class="treemap-container">
        <div class="treemap-title">
          
      <ids-text type="span" font-weight="semi-bold" part="title">
        Storage Utilization (78 GB)
      </ids-text>
        </div>
        
        <svg width="1264" height="300" stroke-width=".5">
          
      <g fill="#003876" class="treemap-rect">
        <rect x="0" y="0" width="353.92" height="300">
        </rect>
        <text fill="white" x="16" y="24" stroke-width="0">
          JSON
        </text>
        <text fill="white" x="16" y="48" stroke-width="0">
          28%
        </text>
      </g>
    
      <g fill="#004A99" class="treemap-rect">
        <rect x="353.92" y="0" width="227.52" height="300">
        </rect>
        <text fill="white" x="369.92" y="24" stroke-width="0">
          PDF
        </text>
        <text fill="white" x="369.92" y="48" stroke-width="0">
          18%
        </text>
      </g>
    
      <g fill="#0054B1" class="treemap-rect">
        <rect x="581.44" y="0" width="202.24" height="150">
        </rect>
        <text fill="white" x="597.44" y="24" stroke-width="0">
          BOD
        </text>
        <text fill="white" x="597.44" y="48" stroke-width="0">
          8%
        </text>
      </g>
    
      <g fill="#0066D4" class="treemap-rect">
        <rect x="581.44" y="150" width="202.24" height="150">
        </rect>
        <text fill="white" x="597.44" y="174" stroke-width="0">
          TXT
        </text>
        <text fill="white" x="597.44" y="198" stroke-width="0">
          8%
        </text>
      </g>
    
      <g fill="#0072ED" class="treemap-rect">
        <rect x="783.68" y="0" width="214.88" height="300">
        </rect>
        <text fill="white" x="799.68" y="24" stroke-width="0">
          CSV
        </text>
        <text fill="white" x="799.68" y="48" stroke-width="0">
          17%
        </text>
      </g>
    
      <g fill="#1C86EF" class="treemap-rect">
        <rect x="998.56" y="0" width="265.44" height="100">
        </rect>
        <text fill="white" x="1014.56" y="24" stroke-width="0">
          Assets
        </text>
        <text fill="white" x="1014.56" y="48" stroke-width="0">
          7%
        </text>
      </g>
    
      <g fill="#55A3F3" class="treemap-rect">
        <rect x="998.56" y="100" width="265.44" height="200">
        </rect>
        <text fill="white" x="1014.56" y="124" stroke-width="0">
          Others
        </text>
        <text fill="white" x="1014.56" y="148" stroke-width="0">
          14%
        </text>
      </g>
    
        </svg>
      
      </div>
    