// Jest Snapshot v1, https://goo.gl/fbAQLP

exports[`IdsAlert Component renders correctly 1`] = `"<ids-alert icon="success"></ids-alert>"`;

exports[`IdsAlert Component renders correctly 2`] = `"<ids-alert icon="info"></ids-alert>"`;

exports[`IdsAlert Component renders correctly 3`] = `"<ids-alert icon="new"></ids-alert>"`;
