<div class="ids-toolbar" role="toolbar">
      <slot></slot>
    </div>