<ids-button id="test-button-primary" appearance="primary">
            <span>Action</span>
          </ids-button>