// Jest Snapshot v1, https://goo.gl/fbAQLP

exports[`IdsModal Component renders correctly 1`] = `"<ids-modal role="dialog" fullsize="sm" respond-down="sm"></ids-modal>"`;

exports[`IdsModal Component renders correctly 2`] = `"<ids-modal role="dialog" fullsize="sm" respond-down="sm" visible="" style="z-index: 1020;"></ids-modal>"`;

exports[`IdsModal Component renders correctly 3`] = `"<ids-modal role="dialog" fullsize="sm" respond-down="sm" style="z-index: 1020;"></ids-modal>"`;
