// Jest Snapshot v1, https://goo.gl/fbAQLP

exports[`IdsThemeSwitcher Component renders correctly 1`] = `
"<ids-menu-button id=\\"ids-theme-switcher\\" menu=\\"ids-theme-menu\\" mode=\\"light\\" version=\\"new\\" aria-controls=\\"ids-theme-menu\\">
            <ids-icon slot=\\"icon\\" icon=\\"more\\"></ids-icon>
            <span class=\\"audible\\">Theme Switcher</span>
        </ids-menu-button>
        <ids-popup-menu id=\\"ids-theme-menu\\" target=\\"#ids-theme-switcher\\" trigger=\\"click\\" mode=\\"light\\" version=\\"new\\" hidden=\\"\\">
          <ids-menu-group select=\\"single\\">
            <ids-menu-item selected=\\"true\\" value=\\"light\\" mode=\\"light\\" version=\\"new\\">Light</ids-menu-item>
            <ids-menu-item value=\\"dark\\" mode=\\"light\\" version=\\"new\\">Dark</ids-menu-item>
            <ids-menu-item value=\\"contrast\\" mode=\\"light\\" version=\\"new\\">Contrast</ids-menu-item>
          </ids-menu-group>
        </ids-popup-menu>"
`;
