// Jest Snapshot v1, https://goo.gl/fbAQLP

exports[`IdsSlider Component renders correctly 1`] = `"<ids-slider type=\\"step\\" min=\\"0\\" max=\\"100\\" label=\\"Single\\" role=\\"none\\" value=\\"50\\"></ids-slider>"`;
